2026-06-05 10:11:17 [error]: PrismaClientKnownRequestError: 
Invalid `prisma.pharmacy.findMany()` invocation:


The table `(not available)` does not exist in the current database.
    at ei.handleRequestError (C:\Users\Mangassouba\Downloads\pharmapulse-v3-final\pharmapulse-api\node_modules\@prisma\client\runtime\library.js:121:7268)
    at ei.handleAndLogRequestError (C:\Users\Mangassouba\Downloads\pharmapulse-v3-final\pharmapulse-api\node_modules\@prisma\client\runtime\library.js:121:6593)
    at ei.request (C:\Users\Mangassouba\Downloads\pharmapulse-v3-final\pharmapulse-api\node_modules\@prisma\client\runtime\library.js:121:6300)
    at async a (C:\Users\Mangassouba\Downloads\pharmapulse-v3-final\pharmapulse-api\node_modules\@prisma\client\runtime\library.js:130:9551)
    at async file:///C:/Users/Mangassouba/Downloads/pharmapulse-v3-final/pharmapulse-api/src/routes/public.routes.js:40:18
2026-06-05 10:12:51 [error]: TypeError: authService.loginUser is not a function
    at login (file:///C:/Users/Mangassouba/Downloads/pharmapulse-v3-final/pharmapulse-api/src/controllers/auth.controller.js:18:38)
    at Layer.handle [as handle_request] (C:\Users\Mangassouba\Downloads\pharmapulse-v3-final\pharmapulse-api\node_modules\express\lib\router\layer.js:95:5)
    at next (C:\Users\Mangassouba\Downloads\pharmapulse-v3-final\pharmapulse-api\node_modules\express\lib\router\route.js:149:13)
    at validate (file:///C:/Users/Mangassouba/Downloads/pharmapulse-v3-final/pharmapulse-api/src/middlewares/validate.js:13:3)
    at Layer.handle [as handle_request] (C:\Users\Mangassouba\Downloads\pharmapulse-v3-final\pharmapulse-api\node_modules\express\lib\router\layer.js:95:5)
    at next (C:\Users\Mangassouba\Downloads\pharmapulse-v3-final\pharmapulse-api\node_modules\express\lib\router\route.js:149:13)
    at middleware (C:\Users\Mangassouba\Downloads\pharmapulse-v3-final\pharmapulse-api\node_modules\express-validator\lib\middlewares\check.js:16:13)
    at process.processTicksAndRejections (node:internal/process/task_queues:105:5)
2026-06-05 10:14:53 [error]: TypeError: authService.loginUser is not a function
    at login (file:///C:/Users/Mangassouba/Downloads/pharmapulse-v3-final/pharmapulse-api/src/controllers/auth.controller.js:18:38)
    at Layer.handle [as handle_request] (C:\Users\Mangassouba\Downloads\pharmapulse-v3-final\pharmapulse-api\node_modules\express\lib\router\layer.js:95:5)
    at next (C:\Users\Mangassouba\Downloads\pharmapulse-v3-final\pharmapulse-api\node_modules\express\lib\router\route.js:149:13)
    at validate (file:///C:/Users/Mangassouba/Downloads/pharmapulse-v3-final/pharmapulse-api/src/middlewares/validate.js:13:3)
    at Layer.handle [as handle_request] (C:\Users\Mangassouba\Downloads\pharmapulse-v3-final\pharmapulse-api\node_modules\express\lib\router\layer.js:95:5)
    at next (C:\Users\Mangassouba\Downloads\pharmapulse-v3-final\pharmapulse-api\node_modules\express\lib\router\route.js:149:13)
    at middleware (C:\Users\Mangassouba\Downloads\pharmapulse-v3-final\pharmapulse-api\node_modules\express-validator\lib\middlewares\check.js:16:13)
    at process.processTicksAndRejections (node:internal/process/task_queues:105:5)
2026-06-05 10:21:26 [error]: PrismaClientKnownRequestError: 
Invalid `prisma.users.findFirst()` invocation:


The table `(not available)` does not exist in the current database.
    at ei.handleRequestError (C:\Users\Mangassouba\Downloads\pharmapulse-v3-final\pharmapulse-api\node_modules\@prisma\client\runtime\library.js:121:7268)
    at ei.handleAndLogRequestError (C:\Users\Mangassouba\Downloads\pharmapulse-v3-final\pharmapulse-api\node_modules\@prisma\client\runtime\library.js:121:6593)
    at ei.request (C:\Users\Mangassouba\Downloads\pharmapulse-v3-final\pharmapulse-api\node_modules\@prisma\client\runtime\library.js:121:6300)
    at async a (C:\Users\Mangassouba\Downloads\pharmapulse-v3-final\pharmapulse-api\node_modules\@prisma\client\runtime\library.js:130:9551)
    at async Module.loginUser (file:///C:/Users/Mangassouba/Downloads/pharmapulse-v3-final/pharmapulse-api/src/services/auth.service.js:91:16)
    at async login (file:///C:/Users/Mangassouba/Downloads/pharmapulse-v3-final/pharmapulse-api/src/controllers/auth.controller.js:18:20)
2026-06-05 10:29:25 [error]: Email ou mot de passe incorrect
2026-06-13 20:52:44 [error]: PrismaClientValidationError: 
Invalid `prisma.orders.update()` invocation:

{
  where: {
    id: 2
  },
  data: {
    status: "CONFIRMED"
            ~~~~~~~~~~~
  }
}

Invalid value for argument `status`. Expected OrderStatus.
    at Nn (C:\Users\Mangassouba\Downloads\pharmapulse-v3-final\pharmapulse-api\node_modules\@prisma\client\runtime\library.js:29:1363)
    at ei.handleRequestError (C:\Users\Mangassouba\Downloads\pharmapulse-v3-final\pharmapulse-api\node_modules\@prisma\client\runtime\library.js:121:6911)
    at ei.handleAndLogRequestError (C:\Users\Mangassouba\Downloads\pharmapulse-v3-final\pharmapulse-api\node_modules\@prisma\client\runtime\library.js:121:6593)
    at ei.request (C:\Users\Mangassouba\Downloads\pharmapulse-v3-final\pharmapulse-api\node_modules\@prisma\client\runtime\library.js:121:6300)
    at async a (C:\Users\Mangassouba\Downloads\pharmapulse-v3-final\pharmapulse-api\node_modules\@prisma\client\runtime\library.js:130:9551)
    at async Module.updateOrderStatus (file:///C:/Users/Mangassouba/Downloads/pharmapulse-v3-final/pharmapulse-api/src/services/order.service.js:82:19)
    at async updateStatus (file:///C:/Users/Mangassouba/Downloads/pharmapulse-v3-final/pharmapulse-api/src/controllers/order.controller.js:35:19)
2026-06-13 21:49:31 [error]: Email ou mot de passe incorrect
2026-06-15 10:46:25 [error]: Abonnement introuvable.
2026-06-15 10:48:11 [error]: Abonnement introuvable.
2026-06-15 10:49:07 [error]: Abonnement introuvable.
2026-06-15 10:51:26 [error]: Abonnement introuvable.
2026-06-15 10:53:16 [error]: Identifiants incorrects ou compte inactif.
2026-06-15 11:02:39 [error]: Abonnement introuvable.
2026-06-15 11:22:24 [error]: Email ou mot de passe incorrect
2026-06-15 11:22:54 [error]: Email ou mot de passe incorrect
2026-06-15 11:24:21 [error]: Identifiants incorrects ou compte inactif.
2026-06-15 11:24:40 [error]: Email ou mot de passe incorrect
2026-06-15 11:25:13 [error]: Email ou mot de passe incorrect
2026-06-15 11:31:12 [error]: Email ou mot de passe incorrect
2026-06-15 11:38:12 [error]: Email ou mot de passe incorrect
2026-06-15 11:39:17 [error]: Email ou mot de passe incorrect
2026-06-15 11:42:24 [error]: Email ou mot de passe incorrect
2026-06-15 11:43:04 [error]: Email ou mot de passe incorrect
2026-06-15 11:45:16 [error]: Email ou mot de passe incorrect
2026-06-15 11:45:43 [error]: Email ou mot de passe incorrect
2026-06-15 11:47:39 [error]: Email ou mot de passe incorrect
2026-06-15 11:47:57 [error]: Email ou mot de passe incorrect
2026-06-15 12:14:51 [error]: Email ou mot de passe incorrect
2026-06-15 12:16:49 [error]: Email ou mot de passe incorrect
2026-06-15 12:17:20 [error]: Email ou mot de passe incorrect
2026-06-15 12:18:59 [error]: Email ou mot de passe incorrect
2026-06-15 12:52:53 [error]: Email ou mot de passe incorrect
2026-06-15 12:53:17 [error]: Email ou mot de passe incorrect
2026-07-16 00:01:26 [error]: Email ou mot de passe incorrect
2026-07-16 00:03:06 [error]: Email ou mot de passe incorrect
2026-07-19 00:10:03 [error]: Email ou mot de passe incorrect
2026-07-19 00:10:16 [error]: Email ou mot de passe incorrect
2026-07-19 01:07:59 [error]: Email ou mot de passe incorrect
2026-09-26 01:24:13 [error]: Ce nom de catégorie existe déjà
2026-09-26 01:24:13 [error]: Ce code-barres est déjà utilisé
2026-09-26 01:24:16 [error]: Email ou mot de passe incorrect
2026-09-29 12:30:21 [error]: Abonnement introuvable.
2026-09-29 12:31:06 [error]: Abonnement introuvable.
2026-09-29 12:31:15 [error]: Abonnement introuvable.
2026-09-30 14:43:56 [error]: Email ou mot de passe incorrect
2026-09-30 14:47:41 [error]: Identifiants incorrects ou compte inactif.
2026-09-30 14:48:04 [error]: Email ou mot de passe incorrect
2026-09-30 14:48:38 [error]: Email ou mot de passe incorrect
2026-09-30 15:45:10 [error]: Email ou mot de passe incorrect
2026-10-05 11:19:20 [error]: Email ou mot de passe incorrect
2026-10-05 11:19:25 [error]: Email ou mot de passe incorrect
2026-10-05 11:19:40 [error]: Le fichier n'est pas une image valide.
2026-10-05 11:19:40 [error]: Format non supporté (PNG, JPEG ou WebP).
2026-10-05 11:34:49 [error]: Le fichier n'est pas une image valide.
2026-10-05 11:34:49 [error]: Le fichier n'est pas une image valide.
2026-10-05 12:02:35 [error]: Le fichier n'est pas une image valide.
2026-10-06 11:04:28 [error]: Échec de l'envoi du mail à superadmin@pharmapulse.com: connect ECONNREFUSED 127.0.0.1:587
2026-10-06 11:04:28 [error]: Échec de l'envoi du mail à hamallahmanga39@gmail.com: connect ECONNREFUSED 127.0.0.1:587
2026-10-06 11:08:05 [error]: Échec de l'envoi du mail à superadmin@pharmapulse.com: connect ECONNREFUSED 127.0.0.1:587
2026-10-06 11:08:05 [error]: Échec de l'envoi du mail à tandia@gmail.com: connect ECONNREFUSED ::1:587
2026-10-06 11:22:19 [error]: Échec de l'envoi du mail à superadmin@pharmapulse.com: Invalid login: 535-5.7.8 Username and Password not accepted. For more information, go to
535 5.7.8  https://support.google.com/mail/?p=BadCredentials 5b1f17b1804b1-4a17c7b7f00sm18204665e9.13 - gsmtp
2026-10-06 11:22:19 [error]: Échec de l'envoi du mail à hamahoullah.mangassouba@mdscresoft-group.com: Invalid login: 535-5.7.8 Username and Password not accepted. For more information, go to
535 5.7.8  https://support.google.com/mail/?p=BadCredentials 5b1f17b1804b1-4a17bfeb65bsm17894695e9.5 - gsmtp
2026-10-06 11:24:30 [error]: Échec de l'envoi du mail à superadmin@pharmapulse.com: Invalid login: 535-5.7.8 Username and Password not accepted. For more information, go to
535 5.7.8  https://support.google.com/mail/?p=BadCredentials ffacd0b85a97d-48c6cd7c326sm2619930f8f.53 - gsmtp
2026-10-06 11:24:30 [error]: Échec de l'envoi du mail à saha@gmail.com: Invalid login: 535-5.7.8 Username and Password not accepted. For more information, go to
535 5.7.8  https://support.google.com/mail/?p=BadCredentials ffacd0b85a97d-48c6773663dsm5865211f8f.4 - gsmtp
